1:14831082-14831467	novel
1:15083983-15084444	novel
1:16596640-16596658	novel
2:3615288-3615633	novel
2:3615990-3616215	novel
2:3617284-3617546	novel
2:3617284-3617461	novel
2:3617725-3618199	novel
2:3618230-3618635	novel
2:3618407-3618635	novel
2:3618407-3618852	novel
2:3618555-3618852	novel
2:3618555-3618635	novel
2:3619210-3619579	novel
2:3619936-3620384	novel
2:3619936-3620090	novel
2:3619975-3620384	novel
2:3619975-3620090	novel
2:3621519-3621795	novel
2:3621519-3621735	novel
2:3622092-3622546	novel
3:13590497-13590723	novel
3:13590497-13590684	novel
3:13590546-13590684	novel
3:13590546-13590723	novel
3:13591041-13591178	novel
3:13591080-13591178	novel
3:14192316-14192637	novel
3:14192316-14192664	novel
3:14194660-14195083	novel
3:14194840-14195083	novel
4:3951875-3952181	novel
4:3951875-3952082	novel
4:3953071-3953426	novel
4:3953071-3953413	novel
4:3953427-3953739	novel
4:3953592-3953739	novel
4:3953605-3954104	novel
4:3953605-3953739	novel
4:3954317-3954446	novel
4:3954625-3954968	novel
4:3954630-3954968	novel
4:3955620-3955752	novel
5:11701925-11702127	novel
5:11705282-11705433	novel
5:11708673-11708925	novel
5:11708673-11708816	novel
5:11708673-11708837	novel
5:11710351-11710406	novel
5:11710381-11710406	novel
5:11723644-11723756	novel
5:11723837-11723853	novel
5:11724209-11724708	novel
5:11724467-11724708	novel
5:11726674-11727155	novel
5:11726674-11726872	novel
5:11727229-11727533	novel
5:11727229-11727360	novel
5:11727539-11727550	novel
5:11728045-11728439	novel
5:11728245-11728439	novel
5:11728600-11728745	novel
5:11728924-11729159	novel
5:11731740-11732095	novel
5:11731819-11732095	novel
5:11732274-11732491	novel
5:11732274-11732334	novel
5:11732274-11732352	novel
5:11732513-11732779	novel
5:11732513-11732590	novel
5:11732513-11732664	novel
5:11732531-11732779	novel
5:11732531-11732590	novel
5:11732531-11732664	novel
5:11733099-11733595	novel
5:11734751-11735231	novel
5:11735170-11735615	novel
5:11735170-11735231	novel
5:11735170-11735483	novel
5:11735195-11735615	novel
5:11735195-11735483	novel
5:11735195-11735231	novel
