footprint for _testing/data/arabidopsis-1k/RUM_Unique.sorted : 73771
